INFO 2025-06-04 23:58:43,035 logging 90708 140099970876992 {"timestamp": "2025-06-04T23:58:43.035029", "view_name": "landing", "response_time": 0.3949105739593506, "status_code": 500}
INFO 2025-06-04 23:58:43,394 logging 90708 140099970876992 {"timestamp": "2025-06-04T23:58:43.394485", "view_name": "unknown", "response_time": 0.004483222961425781, "status_code": 404}
INFO 2025-06-05 00:00:20,642 logging 91093 140615679473216 {"timestamp": "2025-06-05T00:00:20.642204", "view_name": "landing", "response_time": 0.04400205612182617, "status_code": 200}
INFO 2025-06-05 00:00:23,454 logging 91093 140615679473216 {"timestamp": "2025-06-05T00:00:23.454088", "view_name": "login", "response_time": 0.005690574645996094, "status_code": 200}
INFO 2025-06-05 00:00:33,197 logging 91093 140615679473216 {"timestamp": "2025-06-05T00:00:33.197792", "view_name": "login", "response_time": 1.2679591178894043, "status_code": 200}
INFO 2025-06-05 00:00:35,771 logging 91093 140615679473216 {"timestamp": "2025-06-05T00:00:35.771308", "view_name": "signup", "response_time": 0.8802230358123779, "status_code": 200}
INFO 2025-06-05 00:01:05,050 logging 91093 140615679473216 {"timestamp": "2025-06-05T00:01:05.050001", "view_name": "signup", "response_time": 0.6844825744628906, "status_code": 302}
INFO 2025-06-05 00:01:05,158 logging 91093 140615679473216 {"timestamp": "2025-06-05T00:01:05.158234", "view_name": "dashboard", "response_time": 0.051419734954833984, "status_code": 200}
INFO 2025-06-05 00:01:08,182 logging 91093 140615679473216 {"timestamp": "2025-06-05T00:01:08.182686", "view_name": "download_tracker", "response_time": 0.000751495361328125, "status_code": 200}
INFO 2025-06-05 00:02:05,738 logging 91093 140615656392256 {"timestamp": "2025-06-05T00:02:05.738183", "view_name": "api_token_auth", "response_time": 0.5614850521087646, "status_code": 200}
INFO 2025-06-05 00:51:47,110 logging 95612 139717865473600 {"timestamp": "2025-06-05T00:51:47.110062", "view_name": "landing", "response_time": 0.03490900993347168, "status_code": 302}
INFO 2025-06-05 00:51:47,204 logging 95612 139717865473600 {"timestamp": "2025-06-05T00:51:47.204483", "view_name": "dashboard", "response_time": 0.05527067184448242, "status_code": 200}
INFO 2025-06-05 00:52:02,781 logging 95612 139717865473600 {"timestamp": "2025-06-05T00:52:02.781339", "view_name": "download_tracker", "response_time": 0.0032444000244140625, "status_code": 200}
INFO 2025-06-05 00:53:55,491 logging 95612 139717846591040 {"timestamp": "2025-06-05T00:53:55.491630", "view_name": "landing", "response_time": 0.001928091049194336, "status_code": 200}
INFO 2025-06-05 00:54:02,274 logging 95612 139717626553920 {"timestamp": "2025-06-05T00:54:02.274805", "view_name": "api_token_auth", "response_time": 0.5795342922210693, "status_code": 200}
INFO 2025-06-05 00:54:06,719 logging 95612 139717626553920 {"timestamp": "2025-06-05T00:54:06.719654", "view_name": "api_token_auth", "response_time": 0.8417682647705078, "status_code": 200}
INFO 2025-06-05 00:54:32,187 logging 95612 139717618161216 {"timestamp": "2025-06-05T00:54:32.187053", "view_name": "landing", "response_time": 0.0013000965118408203, "status_code": 200}
INFO 2025-06-05 00:54:50,503 logging 95612 139717618161216 {"timestamp": "2025-06-05T00:54:50.503215", "view_name": "landing", "response_time": 0.0013709068298339844, "status_code": 200}
INFO 2025-06-05 01:11:42,511 logging 96336 139623854732864 {"timestamp": "2025-06-05T01:11:42.511310", "view_name": "landing", "response_time": 0.024396419525146484, "status_code": 200}
INFO 2025-06-05 01:11:42,543 logging 96336 139623845291584 {"timestamp": "2025-06-05T01:11:42.543635", "view_name": "landing", "response_time": 0.0013165473937988281, "status_code": 200}
INFO 2025-06-05 01:11:42,557 logging 96336 139623854732864 {"timestamp": "2025-06-05T01:11:42.556913", "view_name": "unknown", "response_time": 0.009820222854614258, "status_code": 404}
INFO 2025-06-05 01:11:58,842 logging 96336 139623854732864 {"timestamp": "2025-06-05T01:11:58.842490", "view_name": "landing", "response_time": 0.0028939247131347656, "status_code": 200}
INFO 2025-06-05 01:12:01,652 logging 96336 139623854732864 {"timestamp": "2025-06-05T01:12:01.652495", "view_name": "api_token_auth", "response_time": 0.9028506278991699, "status_code": 200}
INFO 2025-06-05 01:12:21,706 logging 96336 139623845291584 {"timestamp": "2025-06-05T01:12:21.706839", "view_name": "landing", "response_time": 0.0010559558868408203, "status_code": 200}
INFO 2025-06-05 01:12:21,721 logging 96336 139623835850304 {"timestamp": "2025-06-05T01:12:21.721650", "view_name": "landing", "response_time": 0.0017170906066894531, "status_code": 200}
INFO 2025-06-05 01:12:23,194 logging 96336 139623845291584 {"timestamp": "2025-06-05T01:12:23.194257", "view_name": "api_auth_token", "response_time": 1.4621243476867676, "status_code": 400}
INFO 2025-06-05 01:12:44,301 logging 96336 139623845291584 {"timestamp": "2025-06-05T01:12:44.301179", "view_name": "landing", "response_time": 0.0010395050048828125, "status_code": 200}
INFO 2025-06-05 01:18:20,313 logging 96336 139623854732864 {"timestamp": "2025-06-05T01:18:20.313544", "view_name": "api_token_auth", "response_time": 0.8104767799377441, "status_code": 200}
INFO 2025-06-05 01:18:41,730 logging 96336 139623854732864 {"timestamp": "2025-06-05T01:18:41.730345", "view_name": "api_token_auth", "response_time": 1.4804844856262207, "status_code": 400}
INFO 2025-06-05 01:19:14,045 logging 96336 139623854732864 {"timestamp": "2025-06-05T01:19:14.045492", "view_name": "api_token_auth", "response_time": 1.4558422565460205, "status_code": 400}
INFO 2025-06-05 01:21:16,211 logging 96336 139623854732864 {"timestamp": "2025-06-05T01:21:16.211073", "view_name": "api_token_auth", "response_time": 1.2006988525390625, "status_code": 400}
INFO 2025-06-05 01:22:36,545 logging 96336 139623854732864 {"timestamp": "2025-06-05T01:22:36.545874", "view_name": "api_token_auth", "response_time": 0.6583616733551025, "status_code": 200}
INFO 2025-06-05 01:33:45,956 logging 96336 139623845291584 {"timestamp": "2025-06-05T01:33:45.955981", "view_name": "download_tracker", "response_time": 0.004230022430419922, "status_code": 200}
INFO 2025-06-05 01:33:56,976 logging 96336 139623835850304 {"timestamp": "2025-06-05T01:33:56.976154", "view_name": "login", "response_time": 0.04236745834350586, "status_code": 200}
INFO 2025-06-05 01:34:03,286 logging 96336 139623835850304 {"timestamp": "2025-06-05T01:34:03.286292", "view_name": "login", "response_time": 0.8720307350158691, "status_code": 302}
INFO 2025-06-05 01:34:03,405 logging 96336 139623835850304 {"timestamp": "2025-06-05T01:34:03.405062", "view_name": "dashboard", "response_time": 0.051937103271484375, "status_code": 200}
INFO 2025-06-05 01:34:07,726 logging 96336 139623835850304 {"timestamp": "2025-06-05T01:34:07.726055", "view_name": "download_tracker", "response_time": 0.0003769397735595703, "status_code": 200}
INFO 2025-06-05 01:36:59,668 logging 96336 139623826409024 {"timestamp": "2025-06-05T01:36:59.668598", "view_name": "api_token_auth", "response_time": 0.5240375995635986, "status_code": 200}
INFO 2025-06-05 01:37:28,030 logging 96336 139623826409024 {"timestamp": "2025-06-05T01:37:28.030829", "view_name": "api-root", "response_time": 0.0012362003326416016, "status_code": 401}
INFO 2025-06-05 01:37:34,552 logging 96336 139623826409024 {"timestamp": "2025-06-05T01:37:34.551951", "view_name": "landing", "response_time": 0.0021500587463378906, "status_code": 200}
INFO 2025-06-05 01:37:46,136 logging 96336 139623826409024 {"timestamp": "2025-06-05T01:37:46.136117", "view_name": "api-root", "response_time": 0.0011713504791259766, "status_code": 401}
INFO 2025-06-05 01:37:59,130 logging 96336 139623826409024 {"timestamp": "2025-06-05T01:37:59.130086", "view_name": "api_token_auth", "response_time": 0.6234023571014404, "status_code": 200}
INFO 2025-06-05 01:38:01,797 logging 96336 139623826409024 {"timestamp": "2025-06-05T01:38:01.797956", "view_name": "api_token_auth", "response_time": 0.8283631801605225, "status_code": 200}
INFO 2025-06-05 01:48:17,089 logging 100117 140529837794880 {"timestamp": "2025-06-05T01:48:17.089301", "view_name": "dashboard", "response_time": 0.08221554756164551, "status_code": 200}
INFO 2025-06-05 01:48:20,646 logging 100117 140529837794880 {"timestamp": "2025-06-05T01:48:20.645973", "view_name": "download_tracker", "response_time": 0.004277944564819336, "status_code": 200}
INFO 2025-06-05 01:48:34,361 logging 100117 140529837794880 {"timestamp": "2025-06-05T01:48:34.361115", "view_name": "statistics", "response_time": 0.026638031005859375, "status_code": 200}
INFO 2025-06-05 01:48:35,211 logging 100117 140529837794880 {"timestamp": "2025-06-05T01:48:35.211893", "view_name": "logs", "response_time": 0.0073053836822509766, "status_code": 200}
INFO 2025-06-05 01:50:01,520 logging 100117 140529846187584 {"timestamp": "2025-06-05T01:50:01.520272", "view_name": "api-root", "response_time": 0.004654407501220703, "status_code": 401}
INFO 2025-06-05 01:50:19,436 logging 100117 140529846187584 {"timestamp": "2025-06-05T01:50:19.436876", "view_name": "api_token_auth", "response_time": 1.1843175888061523, "status_code": 400}
INFO 2025-06-05 01:50:45,887 logging 100117 140529826256448 {"timestamp": "2025-06-05T01:50:45.887256", "view_name": "api-root", "response_time": 0.0014111995697021484, "status_code": 401}
INFO 2025-06-05 01:51:01,626 logging 100117 140529826256448 {"timestamp": "2025-06-05T01:51:01.625976", "view_name": "unknown", "response_time": 0.01621556282043457, "status_code": 404}
INFO 2025-06-05 01:51:01,872 logging 100117 140529826256448 {"timestamp": "2025-06-05T01:51:01.872083", "view_name": "landing", "response_time": 0.0023345947265625, "status_code": 200}
INFO 2025-06-05 01:51:08,181 logging 100117 140529826256448 {"timestamp": "2025-06-05T01:51:08.181714", "view_name": "unknown", "response_time": 0.00401616096496582, "status_code": 404}
INFO 2025-06-05 01:51:08,426 logging 100117 140529826256448 {"timestamp": "2025-06-05T01:51:08.426755", "view_name": "landing", "response_time": 0.001033782958984375, "status_code": 200}
INFO 2025-06-05 01:51:11,805 logging 100117 140529817863744 {"timestamp": "2025-06-05T01:51:11.805813", "view_name": "unknown", "response_time": 0.004180192947387695, "status_code": 404}
INFO 2025-06-05 01:51:12,066 logging 100117 140529817863744 {"timestamp": "2025-06-05T01:51:12.066701", "view_name": "landing", "response_time": 0.0010831356048583984, "status_code": 200}
INFO 2025-06-05 01:51:13,765 logging 100117 140529826256448 {"timestamp": "2025-06-05T01:51:13.765698", "view_name": "unknown", "response_time": 0.008488655090332031, "status_code": 404}
INFO 2025-06-05 01:51:14,030 logging 100117 140529826256448 {"timestamp": "2025-06-05T01:51:14.030679", "view_name": "landing", "response_time": 0.0010387897491455078, "status_code": 200}
INFO 2025-06-05 01:55:28,072 logging 100729 140460817761856 {"timestamp": "2025-06-05T01:55:28.072534", "view_name": "api-root", "response_time": 0.0015654563903808594, "status_code": 401}
INFO 2025-06-05 01:55:31,385 logging 100729 140460817761856 {"timestamp": "2025-06-05T01:55:31.385375", "view_name": "api-root", "response_time": 0.0008873939514160156, "status_code": 401}
INFO 2025-06-05 01:55:32,954 logging 100729 140460817761856 {"timestamp": "2025-06-05T01:55:32.954821", "view_name": "api-root", "response_time": 0.0011184215545654297, "status_code": 401}
INFO 2025-06-05 01:56:36,332 logging 100729 140460817761856 {"timestamp": "2025-06-05T01:56:36.332764", "view_name": "api_token_auth", "response_time": 1.082897424697876, "status_code": 200}
INFO 2025-06-05 01:59:29,910 logging 100729 140460817761856 {"timestamp": "2025-06-05T01:59:29.910392", "view_name": "logs", "response_time": 0.0842585563659668, "status_code": 200}
INFO 2025-06-05 01:59:31,865 logging 100729 140460817761856 {"timestamp": "2025-06-05T01:59:31.865106", "view_name": "download_tracker", "response_time": 0.003281116485595703, "status_code": 200}
INFO 2025-06-05 02:00:24,615 logging 100729 140460597179968 {"timestamp": "2025-06-05T02:00:24.615770", "view_name": "unknown", "response_time": 0.02043628692626953, "status_code": 404}
INFO 2025-06-05 02:00:38,432 logging 100729 140460597179968 {"timestamp": "2025-06-05T02:00:38.432575", "view_name": "api_token_auth", "response_time": 1.8829536437988281, "status_code": 400}
INFO 2025-06-05 02:01:00,159 logging 100729 140460808320576 {"timestamp": "2025-06-05T02:01:00.159752", "view_name": "unknown", "response_time": 0.006089925765991211, "status_code": 404}
INFO 2025-06-05 02:01:07,913 logging 100729 140460597179968 {"timestamp": "2025-06-05T02:01:07.913887", "view_name": "unknown", "response_time": 0.0049839019775390625, "status_code": 404}
INFO 2025-06-05 02:01:16,989 logging 100729 140460597179968 {"timestamp": "2025-06-05T02:01:16.989386", "view_name": "api_token_auth", "response_time": 2.1713240146636963, "status_code": 400}
INFO 2025-06-05 02:02:12,586 logging 100729 140460597179968 {"timestamp": "2025-06-05T02:02:12.586755", "view_name": "api_token_auth", "response_time": 1.9232957363128662, "status_code": 400}
INFO 2025-06-05 02:05:52,768 logging 103233 140063260796480 {"timestamp": "2025-06-05T02:05:52.768069", "view_name": "logs", "response_time": 0.0652930736541748, "status_code": 200}
INFO 2025-06-05 02:05:54,686 logging 103233 140063260796480 {"timestamp": "2025-06-05T02:05:54.686513", "view_name": "download_tracker", "response_time": 0.003336191177368164, "status_code": 200}
INFO 2025-06-05 02:06:46,240 logging 103233 140063170094656 {"timestamp": "2025-06-05T02:06:46.240767", "view_name": "unknown", "response_time": 0.007158517837524414, "status_code": 404}
INFO 2025-06-05 02:07:55,261 logging 103233 140063178487360 {"timestamp": "2025-06-05T02:07:55.261436", "view_name": "api_token_auth", "response_time": 2.143568992614746, "status_code": 400}
INFO 2025-06-05 02:29:44,603 logging 105751 140091777148480 {"timestamp": "2025-06-05T02:29:44.603785", "view_name": "landing", "response_time": 0.044464111328125, "status_code": 302}
INFO 2025-06-05 02:29:44,758 logging 105751 140091777148480 {"timestamp": "2025-06-05T02:29:44.758424", "view_name": "dashboard", "response_time": 0.11109685897827148, "status_code": 200}
INFO 2025-06-05 02:29:47,668 logging 105751 140091777148480 {"timestamp": "2025-06-05T02:29:47.668255", "view_name": "download_tracker", "response_time": 0.002817392349243164, "status_code": 200}
INFO 2025-06-05 04:11:27,308 logging 117305 140463794378304 {"timestamp": "2025-06-05T04:11:27.308389", "view_name": "landing", "response_time": 0.0693960189819336, "status_code": 302}
INFO 2025-06-05 04:11:27,520 logging 117305 140463794378304 {"timestamp": "2025-06-05T04:11:27.520614", "view_name": "dashboard", "response_time": 0.1839306354522705, "status_code": 200}
INFO 2025-06-05 04:11:47,148 logging 117305 140463776544320 {"timestamp": "2025-06-05T04:11:47.148348", "view_name": "landing", "response_time": 0.02630448341369629, "status_code": 302}
INFO 2025-06-05 04:11:47,300 logging 117305 140463776544320 {"timestamp": "2025-06-05T04:11:47.300855", "view_name": "dashboard", "response_time": 0.0950627326965332, "status_code": 200}
INFO 2025-06-05 04:11:49,412 logging 117305 140463776544320 {"timestamp": "2025-06-05T04:11:49.412929", "view_name": "download_tracker", "response_time": 0.003666400909423828, "status_code": 404}
INFO 2025-06-05 04:13:32,305 logging 117305 140463776544320 {"timestamp": "2025-06-05T04:13:32.305169", "view_name": "application-list", "response_time": 0.011364221572875977, "status_code": 401}
INFO 2025-06-05 04:13:37,718 logging 117305 140463776544320 {"timestamp": "2025-06-05T04:13:37.718588", "view_name": "unknown", "response_time": 0.04105567932128906, "status_code": 404}
INFO 2025-06-05 04:13:40,134 logging 117305 140463776544320 {"timestamp": "2025-06-05T04:13:40.134692", "view_name": "unknown", "response_time": 0.025113821029663086, "status_code": 404}
INFO 2025-06-05 04:13:54,421 logging 117305 140463768151616 {"timestamp": "2025-06-05T04:13:54.421416", "view_name": "api_token_auth", "response_time": 4.253803253173828, "status_code": 400}
INFO 2025-06-05 04:18:34,599 logging 118088 139795642254912 {"timestamp": "2025-06-05T04:18:34.598978", "view_name": "dashboard", "response_time": 0.2919323444366455, "status_code": 200}
INFO 2025-06-05 04:18:36,471 logging 118088 139795642254912 {"timestamp": "2025-06-05T04:18:36.471902", "view_name": "download_tracker", "response_time": 0.004186153411865234, "status_code": 200}
INFO 2025-06-05 04:19:21,789 logging 118088 139795624420928 {"timestamp": "2025-06-05T04:19:21.789316", "view_name": "api_token_auth", "response_time": 4.19167947769165, "status_code": 400}
INFO 2025-06-05 04:19:42,139 logging 118088 139795624420928 {"timestamp": "2025-06-05T04:19:42.139139", "view_name": "api_token_auth", "response_time": 2.22151255607605, "status_code": 200}
INFO 2025-06-05 04:19:43,566 logging 118088 139795633862208 {"timestamp": "2025-06-05T04:19:43.566528", "view_name": "unknown", "response_time": 0.02097797393798828, "status_code": 404}
INFO 2025-06-05 04:19:53,517 logging 118088 139795624420928 {"timestamp": "2025-06-05T04:19:53.517214", "view_name": "api_token_auth", "response_time": 4.4356207847595215, "status_code": 400}
INFO 2025-06-05 04:21:28,047 logging 118088 139795633862208 {"timestamp": "2025-06-05T04:21:28.047062", "view_name": "api_token_auth", "response_time": 2.3411033153533936, "status_code": 200}
INFO 2025-06-05 04:50:33,875 logging 3596 24876 {"timestamp": "2025-06-05T04:50:33.875484", "view_name": "landing", "response_time": 0.02031111717224121, "status_code": 200}
INFO 2025-06-05 04:50:37,654 logging 3596 24876 {"timestamp": "2025-06-05T04:50:37.654667", "view_name": "admin:index", "response_time": 0.007077693939208984, "status_code": 302}
INFO 2025-06-05 04:50:37,774 logging 3596 24876 {"timestamp": "2025-06-05T04:50:37.774592", "view_name": "admin:login", "response_time": 0.1172637939453125, "status_code": 200}
INFO 2025-06-05 04:50:37,925 logging 3596 24876 {"timestamp": "2025-06-05T04:50:37.925348", "view_name": "unknown", "response_time": 0.13004660606384277, "status_code": 404}
INFO 2025-06-05 04:50:51,728 logging 3596 24876 {"timestamp": "2025-06-05T04:50:51.728749", "view_name": "admin:login", "response_time": 0.6104762554168701, "status_code": 200}
INFO 2025-06-05 04:51:15,346 logging 3596 24876 {"timestamp": "2025-06-05T04:51:15.346125", "view_name": "admin:index", "response_time": 0.0007479190826416016, "status_code": 302}
INFO 2025-06-05 04:51:15,354 logging 3596 24876 {"timestamp": "2025-06-05T04:51:15.354125", "view_name": "admin:login", "response_time": 0.004670619964599609, "status_code": 200}
INFO 2025-06-05 04:51:28,099 logging 3596 24876 {"timestamp": "2025-06-05T04:51:28.099076", "view_name": "admin:login", "response_time": 0.31841540336608887, "status_code": 302}
INFO 2025-06-05 04:51:28,139 logging 3596 24876 {"timestamp": "2025-06-05T04:51:28.139534", "view_name": "admin:index", "response_time": 0.03417325019836426, "status_code": 200}
INFO 2025-06-05 04:51:33,650 logging 3596 24876 {"timestamp": "2025-06-05T04:51:33.650753", "view_name": "admin:tracking_application_changelist", "response_time": 0.11355233192443848, "status_code": 200}
INFO 2025-06-05 04:51:33,692 logging 3596 24876 {"timestamp": "2025-06-05T04:51:33.692648", "view_name": "admin:jsi18n", "response_time": 0.034195899963378906, "status_code": 200}
INFO 2025-06-05 04:51:41,885 logging 3596 24876 {"timestamp": "2025-06-05T04:51:41.885137", "view_name": "admin:users_customuser_changelist", "response_time": 0.061154842376708984, "status_code": 200}
INFO 2025-06-05 04:51:41,896 logging 3596 24876 {"timestamp": "2025-06-05T04:51:41.895967", "view_name": "admin:jsi18n", "response_time": 0.004396200180053711, "status_code": 200}
INFO 2025-06-05 04:51:49,773 logging 3596 24876 {"timestamp": "2025-06-05T04:51:49.773262", "view_name": "login", "response_time": 0.003134012222290039, "status_code": 302}
INFO 2025-06-05 04:51:49,802 logging 3596 24876 {"timestamp": "2025-06-05T04:51:49.802721", "view_name": "dashboard", "response_time": 0.026682615280151367, "status_code": 200}
INFO 2025-06-05 04:51:54,392 logging 3596 24876 {"timestamp": "2025-06-05T04:51:54.392604", "view_name": "statistics", "response_time": 0.01528024673461914, "status_code": 200}
INFO 2025-06-05 04:52:00,067 logging 3596 24876 {"timestamp": "2025-06-05T04:52:00.067333", "view_name": "logs", "response_time": 0.008142471313476562, "status_code": 200}
INFO 2025-06-05 04:52:05,121 logging 3596 24876 {"timestamp": "2025-06-05T04:52:05.121531", "view_name": "admin_panel:dashboard", "response_time": 0.01229405403137207, "status_code": 200}
INFO 2025-06-05 04:52:11,674 logging 3596 24876 {"timestamp": "2025-06-05T04:52:11.674519", "view_name": "admin_panel:applications", "response_time": 0.0076711177825927734, "status_code": 200}
INFO 2025-06-05 04:58:12,169 logging 3596 25460 {"timestamp": "2025-06-05T04:58:12.169633", "view_name": "admin_panel:applications", "response_time": 0.006005525588989258, "status_code": 200}
INFO 2025-06-05 04:58:17,873 logging 3596 25460 {"timestamp": "2025-06-05T04:58:17.873886", "view_name": "dashboard", "response_time": 0.02793598175048828, "status_code": 200}
INFO 2025-06-05 04:58:24,614 logging 3596 25460 {"timestamp": "2025-06-05T04:58:24.614277", "view_name": "admin_panel:dashboard", "response_time": 0.010331392288208008, "status_code": 200}
INFO 2025-06-05 04:58:30,402 logging 3596 25460 {"timestamp": "2025-06-05T04:58:30.402073", "view_name": "admin_panel:activities", "response_time": 0.0073816776275634766, "status_code": 200}
INFO 2025-06-05 04:58:35,740 logging 3596 25460 {"timestamp": "2025-06-05T04:58:35.740663", "view_name": "admin_panel:logs", "response_time": 0.00536036491394043, "status_code": 200}
INFO 2025-06-05 04:58:41,731 logging 3596 25460 {"timestamp": "2025-06-05T04:58:41.731294", "view_name": "admin_panel:logs", "response_time": 0.0040607452392578125, "status_code": 200}
INFO 2025-06-05 04:58:46,799 logging 3596 25460 {"timestamp": "2025-06-05T04:58:46.799494", "view_name": "admin_panel:database", "response_time": 0.007208824157714844, "status_code": 200}
INFO 2025-06-05 04:58:52,244 logging 3596 25460 {"timestamp": "2025-06-05T04:58:52.244818", "view_name": "admin_panel:database", "response_time": 0.006152629852294922, "status_code": 200}
INFO 2025-06-05 04:58:58,054 logging 3596 25460 {"timestamp": "2025-06-05T04:58:58.054574", "view_name": "admin_panel:database", "response_time": 0.006213665008544922, "status_code": 200}
INFO 2025-06-05 04:59:03,692 logging 3596 25460 {"timestamp": "2025-06-05T04:59:03.692564", "view_name": "admin_panel:users", "response_time": 0.011294841766357422, "status_code": 200}
INFO 2025-06-05 04:59:10,497 logging 3596 25460 {"timestamp": "2025-06-05T04:59:10.497670", "view_name": "statistics", "response_time": 0.013811588287353516, "status_code": 200}
INFO 2025-06-05 04:59:26,915 logging 3596 25460 {"timestamp": "2025-06-05T04:59:26.915303", "view_name": "statistics", "response_time": 0.012156486511230469, "status_code": 200}
INFO 2025-06-05 05:17:31,374 logging 48440 24452 {"timestamp": "2025-06-05T05:17:31.374339", "view_name": "landing", "response_time": 0.012032747268676758, "status_code": 200}
INFO 2025-06-05 05:17:42,971 logging 48440 24452 {"timestamp": "2025-06-05T05:17:42.971916", "view_name": "login", "response_time": 0.003643512725830078, "status_code": 200}
INFO 2025-06-05 05:17:56,191 logging 48440 24452 {"timestamp": "2025-06-05T05:17:56.191859", "view_name": "login", "response_time": 0.2934608459472656, "status_code": 302}
INFO 2025-06-05 05:17:56,232 logging 48440 24452 {"timestamp": "2025-06-05T05:17:56.232795", "view_name": "dashboard", "response_time": 0.0351870059967041, "status_code": 200}
INFO 2025-06-05 05:18:13,746 logging 48440 33756 {"timestamp": "2025-06-05T05:18:13.746333", "view_name": "unknown", "response_time": 0.007666587829589844, "status_code": 404}
INFO 2025-06-05 05:18:33,083 logging 48440 35676 {"timestamp": "2025-06-05T05:18:33.083020", "view_name": "unknown", "response_time": 0.0052492618560791016, "status_code": 404}
INFO 2025-06-05 05:18:54,919 logging 48440 44808 {"timestamp": "2025-06-05T05:18:54.919154", "view_name": "useractivity-list", "response_time": 0.0008113384246826172, "status_code": 401}
INFO 2025-06-05 05:19:33,509 logging 48440 40544 {"timestamp": "2025-06-05T05:19:33.509182", "view_name": "useractivity-list", "response_time": 0.003773927688598633, "status_code": 400}
INFO 2025-06-05 05:20:32,987 logging 39952 19948 {"timestamp": "2025-06-05T05:20:32.987364", "view_name": "useractivity-list", "response_time": 0.006629467010498047, "status_code": 400}
INFO 2025-06-05 05:21:07,007 logging 34396 23640 {"timestamp": "2025-06-05T05:21:07.007418", "view_name": "useractivity-list", "response_time": 0.0063550472259521484, "status_code": 400}
INFO 2025-06-05 05:21:57,910 logging 46356 29968 {"timestamp": "2025-06-05T05:21:57.910027", "view_name": "useractivity-list", "response_time": 0.05317974090576172, "status_code": 400}
INFO 2025-06-05 05:22:21,201 logging 49512 49428 {"timestamp": "2025-06-05T05:22:21.201677", "view_name": "useractivity-list", "response_time": 0.07811093330383301, "status_code": 400}
INFO 2025-06-05 05:22:46,904 logging 40800 32148 {"timestamp": "2025-06-05T05:22:46.904499", "view_name": "useractivity-list", "response_time": 0.018501996994018555, "status_code": 400}
INFO 2025-06-05 05:23:48,436 logging 46356 33560 {"timestamp": "2025-06-05T05:23:48.436357", "view_name": "useractivity-list", "response_time": 0.019314289093017578, "status_code": 400}
INFO 2025-06-05 05:26:02,249 logging 1924 4024 {"timestamp": "2025-06-05T05:26:02.249163", "view_name": "useractivity-list", "response_time": 0.015254020690917969, "status_code": 400}
INFO 2025-06-05 05:26:27,550 logging 28556 29612 {"timestamp": "2025-06-05T05:26:27.549996", "view_name": "useractivity-list", "response_time": 0.014338970184326172, "status_code": 201}
INFO 2025-06-05 05:27:04,955 logging 28556 44840 {"timestamp": "2025-06-05T05:27:04.955229", "view_name": "useractivity-list", "response_time": 0.01013326644897461, "status_code": 201}
INFO 2025-06-05 05:27:07,021 logging 28556 4116 {"timestamp": "2025-06-05T05:27:07.021818", "view_name": "useractivity-list", "response_time": 0.013408899307250977, "status_code": 201}
INFO 2025-06-05 05:27:20,929 logging 28556 41460 {"timestamp": "2025-06-05T05:27:20.928972", "view_name": "dashboard", "response_time": 0.04659008979797363, "status_code": 200}
INFO 2025-06-05 05:27:26,843 logging 28556 41460 {"timestamp": "2025-06-05T05:27:26.843675", "view_name": "admin_panel:dashboard", "response_time": 0.0106658935546875, "status_code": 200}
INFO 2025-06-05 05:27:34,538 logging 28556 41460 {"timestamp": "2025-06-05T05:27:34.538887", "view_name": "admin_panel:applications", "response_time": 0.008413553237915039, "status_code": 200}
INFO 2025-06-05 05:28:16,549 logging 28556 25232 {"timestamp": "2025-06-05T05:28:16.549444", "view_name": "useractivity-list", "response_time": 0.012697458267211914, "status_code": 201}
INFO 2025-06-05 05:28:19,100 logging 28556 2508 {"timestamp": "2025-06-05T05:28:19.100192", "view_name": "useractivity-list", "response_time": 0.00857686996459961, "status_code": 201}
INFO 2025-06-05 05:28:21,669 logging 28556 35376 {"timestamp": "2025-06-05T05:28:21.669726", "view_name": "useractivity-list", "response_time": 0.015891551971435547, "status_code": 201}
INFO 2025-06-05 05:28:24,222 logging 28556 38632 {"timestamp": "2025-06-05T05:28:24.222108", "view_name": "useractivity-list", "response_time": 0.013045310974121094, "status_code": 201}
INFO 2025-06-05 05:38:30,186 logging 33388 11128 {"timestamp": "2025-06-05T05:38:30.186824", "view_name": "dashboard", "response_time": 0.0434422492980957, "status_code": 200}
INFO 2025-06-05 05:38:35,750 logging 33388 11128 {"timestamp": "2025-06-05T05:38:35.750964", "view_name": "statistics", "response_time": 0.014890432357788086, "status_code": 200}
INFO 2025-06-05 05:38:41,602 logging 33388 11128 {"timestamp": "2025-06-05T05:38:41.602390", "view_name": "unknown", "response_time": 0.0074045658111572266, "status_code": 404}
INFO 2025-06-05 05:38:41,629 logging 33388 11128 {"timestamp": "2025-06-05T05:38:41.629901", "view_name": "unknown", "response_time": 0.0045659542083740234, "status_code": 404}
INFO 2025-06-05 05:38:47,880 logging 33388 11128 {"timestamp": "2025-06-05T05:38:47.880730", "view_name": "admin_panel:database", "response_time": 0.007650852203369141, "status_code": 200}
INFO 2025-06-05 05:38:52,583 logging 33388 11128 {"timestamp": "2025-06-05T05:38:52.583273", "view_name": "dashboard", "response_time": 0.026410341262817383, "status_code": 200}
INFO 2025-06-05 05:49:01,554 logging 47796 47024 {"timestamp": "2025-06-05T05:49:01.554629", "view_name": "dashboard", "response_time": 0.18695855140686035, "status_code": 200}
INFO 2025-06-05 05:49:14,248 logging 47796 47024 {"timestamp": "2025-06-05T05:49:14.248422", "view_name": "statistics", "response_time": 0.17409753799438477, "status_code": 200}
INFO 2025-06-05 05:52:11,033 logging 47796 47024 {"timestamp": "2025-06-05T05:52:11.033852", "view_name": "statistics", "response_time": 0.1425163745880127, "status_code": 200}
INFO 2025-06-05 05:52:23,372 logging 47796 47024 {"timestamp": "2025-06-05T05:52:23.372611", "view_name": "logs", "response_time": 0.014809846878051758, "status_code": 200}
INFO 2025-06-05 05:52:24,979 logging 47796 47024 {"timestamp": "2025-06-05T05:52:24.979171", "view_name": "download_tracker", "response_time": 0.051581621170043945, "status_code": 200}
INFO 2025-06-05 05:52:25,574 logging 47796 47024 {"timestamp": "2025-06-05T05:52:25.574738", "view_name": "admin_panel:dashboard", "response_time": 0.012683391571044922, "status_code": 200}
INFO 2025-06-05 05:52:30,170 logging 47796 47024 {"timestamp": "2025-06-05T05:52:30.170086", "view_name": "admin_panel:user_detail", "response_time": 0.031137704849243164, "status_code": 200}
INFO 2025-06-05 05:52:32,123 logging 47796 47024 {"timestamp": "2025-06-05T05:52:32.123936", "view_name": "dashboard", "response_time": 0.15320229530334473, "status_code": 200}
INFO 2025-06-05 05:52:45,316 logging 47796 47024 {"timestamp": "2025-06-05T05:52:45.316265", "view_name": "dashboard", "response_time": 0.14933204650878906, "status_code": 200}
INFO 2025-06-05 05:54:13,393 logging 47796 47024 {"timestamp": "2025-06-05T05:54:13.393816", "view_name": "statistics", "response_time": 0.14514899253845215, "status_code": 200}
INFO 2025-06-05 05:54:14,398 logging 47796 47024 {"timestamp": "2025-06-05T05:54:14.398220", "view_name": "landing", "response_time": 0.0027761459350585938, "status_code": 302}
INFO 2025-06-05 05:54:14,525 logging 47796 47024 {"timestamp": "2025-06-05T05:54:14.525440", "view_name": "dashboard", "response_time": 0.12472867965698242, "status_code": 200}
INFO 2025-06-05 05:56:49,903 logging 48716 34376 {"timestamp": "2025-06-05T05:56:49.903049", "view_name": "dashboard", "response_time": 0.02908611297607422, "status_code": 200}
INFO 2025-06-05 05:56:56,538 logging 48716 34376 {"timestamp": "2025-06-05T05:56:56.538101", "view_name": "statistics", "response_time": 0.013736248016357422, "status_code": 200}
INFO 2025-06-05 05:57:14,276 logging 48716 34376 {"timestamp": "2025-06-05T05:57:14.276575", "view_name": "dashboard", "response_time": 0.013086557388305664, "status_code": 200}
INFO 2025-06-05 05:57:24,311 logging 48716 34376 {"timestamp": "2025-06-05T05:57:24.311358", "view_name": "logs", "response_time": 0.008418083190917969, "status_code": 200}
INFO 2025-06-05 05:57:25,353 logging 48716 34376 {"timestamp": "2025-06-05T05:57:25.353353", "view_name": "admin_panel:dashboard", "response_time": 0.014166116714477539, "status_code": 200}
INFO 2025-06-05 05:57:26,670 logging 48716 34376 {"timestamp": "2025-06-05T05:57:26.670809", "view_name": "dashboard", "response_time": 0.010973691940307617, "status_code": 200}
INFO 2025-06-05 05:57:43,165 logging 48716 34376 {"timestamp": "2025-06-05T05:57:43.165034", "view_name": "statistics", "response_time": 0.013310432434082031, "status_code": 200}
INFO 2025-06-05 05:58:28,050 logging 48716 34376 {"timestamp": "2025-06-05T05:58:28.050917", "view_name": "statistics", "response_time": 0.021725177764892578, "status_code": 200}
INFO 2025-06-05 05:58:39,953 logging 48716 34376 {"timestamp": "2025-06-05T05:58:39.953140", "view_name": "statistics", "response_time": 0.011189699172973633, "status_code": 200}
INFO 2025-06-05 05:58:48,588 logging 48716 34376 {"timestamp": "2025-06-05T05:58:48.588704", "view_name": "dashboard", "response_time": 0.011873006820678711, "status_code": 200}
INFO 2025-06-05 06:06:09,735 logging 48716 45024 {"timestamp": "2025-06-05T06:06:09.735731", "view_name": "dashboard", "response_time": 0.013452768325805664, "status_code": 200}
INFO 2025-06-05 06:15:39,759 logging 16180 49360 {"timestamp": "2025-06-05T06:15:39.759749", "view_name": "dashboard", "response_time": 0.03009796142578125, "status_code": 200}
INFO 2025-06-05 06:15:43,239 logging 16180 49360 {"timestamp": "2025-06-05T06:15:43.239873", "view_name": "statistics", "response_time": 0.013144969940185547, "status_code": 200}
INFO 2025-06-05 06:18:51,705 logging 16180 49360 {"timestamp": "2025-06-05T06:18:51.705822", "view_name": "statistics", "response_time": 0.013123750686645508, "status_code": 200}
INFO 2025-09-06 03:02:58,097 logging 28032 18924 {"timestamp": "2025-09-06T03:02:58.097977", "view_name": "landing", "response_time": 0.012337684631347656, "status_code": 200}
INFO 2025-09-06 03:03:03,615 logging 28032 30556 {"timestamp": "2025-09-06T03:03:03.615461", "view_name": "unknown", "response_time": 0.04760122299194336, "status_code": 404}
INFO 2025-09-06 03:03:08,565 logging 28032 14480 {"timestamp": "2025-09-06T03:03:08.565777", "view_name": "unknown", "response_time": 0.0045185089111328125, "status_code": 404}
INFO 2025-09-06 03:03:13,176 logging 28032 20568 {"timestamp": "2025-09-06T03:03:13.176729", "view_name": "admin:index", "response_time": 0.005761384963989258, "status_code": 302}
INFO 2025-09-09 00:34:26,229 logging 49316 42616 {"timestamp": "2025-09-09T00:34:26.229164", "view_name": "landing", "response_time": 0.017124652862548828, "status_code": 200}
INFO 2025-09-09 00:34:27,050 logging 49316 39492 {"timestamp": "2025-09-09T00:34:27.050742", "view_name": "landing", "response_time": 0.0015234947204589844, "status_code": 200}
INFO 2025-09-09 00:34:40,006 logging 49316 45780 {"timestamp": "2025-09-09T00:34:40.006930", "view_name": "login", "response_time": 0.005578279495239258, "status_code": 200}
INFO 2025-09-09 00:34:41,247 logging 49316 53816 {"timestamp": "2025-09-09T00:34:41.247850", "view_name": "login", "response_time": 0.0019266605377197266, "status_code": 200}
INFO 2025-09-09 00:34:44,039 logging 49316 42616 {"timestamp": "2025-09-09T00:34:44.039391", "view_name": "download_tracker", "response_time": 12.865753173828125, "status_code": 200}
INFO 2025-09-09 00:34:52,307 logging 49316 45780 {"timestamp": "2025-09-09T00:34:52.307556", "view_name": "login", "response_time": 0.3654797077178955, "status_code": 302}
INFO 2025-09-09 00:34:52,356 logging 49316 45780 {"timestamp": "2025-09-09T00:34:52.356458", "view_name": "dashboard", "response_time": 0.04021644592285156, "status_code": 200}
INFO 2025-09-09 00:34:54,000 logging 49316 40644 {"timestamp": "2025-09-09T00:34:54.000122", "view_name": "dashboard", "response_time": 0.0, "status_code": 302}
INFO 2025-09-09 00:34:54,003 logging 49316 40644 {"timestamp": "2025-09-09T00:34:54.003633", "view_name": "login", "response_time": 0.002503633499145508, "status_code": 200}
INFO 2025-09-09 00:34:57,719 logging 49316 45780 {"timestamp": "2025-09-09T00:34:57.719862", "view_name": "download_tracker", "response_time": 0.0005316734313964844, "status_code": 200}
INFO 2025-09-09 00:34:57,928 logging 49316 25368 {"timestamp": "2025-09-09T00:34:57.928715", "view_name": "statistics", "response_time": 0.020094871520996094, "status_code": 200}
INFO 2025-09-09 00:34:59,841 logging 49316 18744 {"timestamp": "2025-09-09T00:34:59.841773", "view_name": "statistics", "response_time": 0.0, "status_code": 302}
INFO 2025-09-09 00:34:59,843 logging 49316 18744 {"timestamp": "2025-09-09T00:34:59.843772", "view_name": "login", "response_time": 0.0009999275207519531, "status_code": 200}
INFO 2025-09-09 00:35:02,520 logging 49316 45780 {"timestamp": "2025-09-09T00:35:02.520529", "view_name": "logs", "response_time": 0.007784128189086914, "status_code": 200}
INFO 2025-09-09 00:35:07,337 logging 49316 45780 {"timestamp": "2025-09-09T00:35:07.337827", "view_name": "download_tracker", "response_time": 0.0, "status_code": 200}
INFO 2025-09-09 00:35:07,476 logging 49316 55708 {"timestamp": "2025-09-09T00:35:07.476741", "view_name": "logs", "response_time": 0.0010058879852294922, "status_code": 302}
INFO 2025-09-09 00:35:07,479 logging 49316 55708 {"timestamp": "2025-09-09T00:35:07.479241", "view_name": "login", "response_time": 0.0025000572204589844, "status_code": 200}
INFO 2025-09-09 00:35:21,611 logging 49316 45780 {"timestamp": "2025-09-09T00:35:21.611831", "view_name": "download_tracker", "response_time": 0.0, "status_code": 200}
INFO 2025-09-09 18:58:40,967 logging 46576 26452 {"timestamp": "2025-09-09T18:58:40.967221", "view_name": "landing", "response_time": 0.011696100234985352, "status_code": 302}
INFO 2025-09-09 18:58:41,007 logging 46576 26452 {"timestamp": "2025-09-09T18:58:41.007428", "view_name": "dashboard", "response_time": 0.035506248474121094, "status_code": 200}
INFO 2025-09-09 18:58:43,814 logging 46576 26452 {"timestamp": "2025-09-09T18:58:43.814775", "view_name": "landing", "response_time": 0.0020263195037841797, "status_code": 302}
INFO 2025-09-09 18:58:43,826 logging 46576 26452 {"timestamp": "2025-09-09T18:58:43.826577", "view_name": "dashboard", "response_time": 0.00971674919128418, "status_code": 200}
INFO 2025-09-09 18:58:45,899 logging 46576 26452 {"timestamp": "2025-09-09T18:58:45.899166", "view_name": "logout", "response_time": 0.004574298858642578, "status_code": 200}
INFO 2025-09-09 18:58:46,935 logging 46576 55532 {"timestamp": "2025-09-09T18:58:46.935304", "view_name": "logout", "response_time": 0.0010325908660888672, "status_code": 200}
INFO 2025-09-09 18:58:47,074 logging 46576 26452 {"timestamp": "2025-09-09T18:58:47.074391", "view_name": "logout", "response_time": 0.007171154022216797, "status_code": 302}
INFO 2025-09-09 18:58:47,077 logging 46576 26452 {"timestamp": "2025-09-09T18:58:47.077551", "view_name": "landing", "response_time": 0.0010504722595214844, "status_code": 200}
INFO 2025-09-09 18:59:06,786 logging 46576 63532 {"timestamp": "2025-09-09T18:59:06.786036", "view_name": "landing", "response_time": 0.001508951187133789, "status_code": 200}
INFO 2025-09-09 19:01:16,686 logging 46576 3936 {"timestamp": "2025-09-09T19:01:16.685979", "view_name": "landing", "response_time": 0.0005288124084472656, "status_code": 200}
INFO 2025-09-10 02:18:20,601 logging 49052 34092 {"timestamp": "2025-09-10T02:18:20.600506", "view_name": "landing", "response_time": 0.25651121139526367, "status_code": 200}
INFO 2025-09-10 02:18:20,701 logging 49052 52912 {"timestamp": "2025-09-10T02:18:20.701341", "view_name": "landing", "response_time": 0.0010077953338623047, "status_code": 200}
INFO 2025-09-10 02:18:24,730 logging 49052 34092 {"timestamp": "2025-09-10T02:18:24.730712", "view_name": "landing", "response_time": 0.0, "status_code": 200}
INFO 2025-09-10 02:18:28,761 logging 49052 34092 {"timestamp": "2025-09-10T02:18:28.761235", "view_name": "health-check", "response_time": 0.0025146007537841797, "status_code": 200}
INFO 2025-09-10 02:18:28,949 logging 49052 34092 {"timestamp": "2025-09-10T02:18:28.949408", "view_name": "unknown", "response_time": 0.06731271743774414, "status_code": 404}
INFO 2025-09-10 02:18:30,707 logging 49052 59576 {"timestamp": "2025-09-10T02:18:30.707167", "view_name": "health-check", "response_time": 0.00099945068359375, "status_code": 200}
INFO 2025-09-10 02:18:36,997 logging 49052 34092 {"timestamp": "2025-09-10T02:18:36.997139", "view_name": "download_tracker", "response_time": 3.7221150398254395, "status_code": 200}
