2025-05-10 04:00:46,100 - ServerRestart - INFO - Начало перезапуска сервера...
2025-05-10 04:00:46,101 - ServerRestart - INFO - Остановка сервера с PID 42750...
2025-05-10 04:00:46,101 - ServerRestart - ERROR - Ошибка при остановке сервера: <class 'OSError'> returned a result with an exception set
2025-05-10 04:00:46,101 - ServerRestart - INFO - Применение миграций...
2025-05-10 04:00:48,573 - ServerRestart - INFO - Миграции успешно применены
2025-05-10 04:00:48,573 - ServerRestart - INFO - Сбор статических файлов...
2025-05-10 04:00:53,143 - ServerRestart - INFO - Статические файлы успешно собраны
2025-05-10 04:00:53,146 - ServerRestart - INFO - Запуск сервера...
2025-05-10 04:00:53,155 - ServerRestart - INFO - Сервер успешно запущен с PID 57280
2025-05-10 04:00:53,155 - ServerRestart - INFO - Сервер успешно перезапущен
2025-05-10 04:10:00,736 - ServerRestart - INFO - Начало перезапуска сервера...
2025-05-10 04:10:00,737 - ServerRestart - INFO - Остановка сервера с PID 57280...
2025-05-10 04:10:05,741 - ServerRestart - INFO - Сервер успешно остановлен
2025-05-10 04:10:05,741 - ServerRestart - INFO - Применение миграций...
2025-05-10 04:10:07,381 - ServerRestart - INFO - Миграции успешно применены
2025-05-10 04:10:07,382 - ServerRestart - INFO - Сбор статических файлов...
2025-05-10 04:10:08,571 - ServerRestart - INFO - Статические файлы успешно собраны
2025-05-10 04:10:08,571 - ServerRestart - INFO - Запуск сервера...
2025-05-10 04:10:08,580 - ServerRestart - INFO - Сервер успешно запущен с PID 46932
2025-05-10 04:10:08,580 - ServerRestart - INFO - Сервер успешно перезапущен
2025-05-10 04:12:48,100 - ServerRestart - INFO - Начало перезапуска сервера...
2025-05-10 04:12:48,101 - ServerRestart - INFO - Остановка сервера с PID 46932...
2025-05-10 04:12:48,102 - ServerRestart - ERROR - Ошибка при остановке сервера: [WinError 87] Параметр задан неверно
2025-05-10 04:12:48,102 - ServerRestart - INFO - Применение миграций...
2025-05-10 04:12:49,694 - ServerRestart - INFO - Миграции успешно применены
2025-05-10 04:12:49,694 - ServerRestart - INFO - Сбор статических файлов...
2025-05-10 04:12:50,792 - ServerRestart - INFO - Статические файлы успешно собраны
2025-05-10 04:12:50,792 - ServerRestart - INFO - Запуск сервера...
2025-05-10 04:12:50,799 - ServerRestart - INFO - Сервер успешно запущен с PID 22052
2025-05-10 04:12:50,800 - ServerRestart - INFO - Сервер успешно перезапущен
2025-05-10 04:26:14,680 - ServerRestart - INFO - Начало перезапуска сервера...
2025-05-10 04:26:14,681 - ServerRestart - INFO - Остановка сервера с PID 22052...
2025-05-10 04:26:14,681 - ServerRestart - ERROR - Ошибка при остановке сервера: [WinError 87] Параметр задан неверно
2025-05-10 04:26:14,681 - ServerRestart - INFO - Применение миграций...
2025-05-10 04:26:16,106 - ServerRestart - INFO - Миграции успешно применены
2025-05-10 04:26:16,107 - ServerRestart - INFO - Сбор статических файлов...
2025-05-11 05:17:11,759 - ServerRestart - INFO - Начало перезапуска сервера...
2025-05-11 05:17:11,760 - ServerRestart - INFO - Остановка сервера с PID 22052...
2025-05-11 05:17:11,761 - ServerRestart - ERROR - Ошибка при остановке сервера: [WinError 87] Параметр задан неверно
2025-05-11 05:17:11,761 - ServerRestart - INFO - Применение миграций...
2025-05-11 05:17:13,669 - ServerRestart - ERROR - Ошибка при применении миграций: Command '['python', 'manage.py', 'migrate']' returned non-zero exit status 1.
2025-05-11 05:17:13,670 - ServerRestart - INFO - Сбор статических файлов...
2025-05-11 05:17:14,725 - ServerRestart - INFO - Статические файлы успешно собраны
2025-05-11 05:17:14,725 - ServerRestart - WARNING - Миграции не были применены. Продолжаем перезапуск...
2025-05-11 05:17:14,726 - ServerRestart - INFO - Запуск сервера...
2025-05-11 05:17:14,731 - ServerRestart - INFO - Сервер успешно запущен с PID 17632
2025-05-11 05:17:14,732 - ServerRestart - INFO - Сервер успешно перезапущен
2025-05-11 06:22:44,017 - ServerRestart - INFO - Начало перезапуска сервера...
2025-05-11 06:22:44,018 - ServerRestart - INFO - Остановка сервера с PID 17632...
2025-05-11 06:22:44,018 - ServerRestart - ERROR - Ошибка при остановке сервера: [WinError 87] Параметр задан неверно
2025-05-11 06:22:44,018 - ServerRestart - INFO - Применение миграций...
2025-05-11 06:22:45,037 - ServerRestart - ERROR - Ошибка при применении миграций: Command '['python', 'manage.py', 'migrate']' returned non-zero exit status 1.
2025-05-11 06:22:45,037 - ServerRestart - INFO - Сбор статических файлов...
2025-05-11 06:22:45,797 - ServerRestart - INFO - Статические файлы успешно собраны
2025-05-11 06:22:45,797 - ServerRestart - WARNING - Миграции не были применены. Продолжаем перезапуск...
2025-05-11 06:22:45,797 - ServerRestart - INFO - Запуск сервера...
2025-05-11 06:22:45,802 - ServerRestart - INFO - Сервер успешно запущен с PID 12812
2025-05-11 06:22:45,802 - ServerRestart - INFO - Сервер успешно перезапущен
2025-05-11 06:33:44,395 - ServerRestart - INFO - Начало перезапуска сервера...
2025-05-11 06:33:44,395 - ServerRestart - INFO - Остановка сервера с PID 12812...
2025-05-11 06:33:49,398 - ServerRestart - INFO - Сервер успешно остановлен
2025-05-11 06:33:49,399 - ServerRestart - INFO - Применение миграций...
2025-05-11 06:33:49,399 - ServerRestart - INFO - Активация виртуальной среды...
2025-05-11 06:33:49,537 - ServerRestart - ERROR - Ошибка при применении миграций. Код возврата: 1
2025-05-11 06:33:49,537 - ServerRestart - INFO - Сбор статических файлов...
2025-05-11 06:33:49,537 - ServerRestart - INFO - Активация виртуальной среды...
2025-05-11 06:33:49,657 - ServerRestart - ERROR - Ошибка при сборе статических файлов. Код возврата: 1
2025-05-11 06:33:49,657 - ServerRestart - WARNING - Миграции не были применены. Продолжаем перезапуск...
2025-05-11 06:33:49,657 - ServerRestart - WARNING - Статические файлы не были собраны. Продолжаем перезапуск...
2025-05-11 06:33:49,657 - ServerRestart - INFO - Запуск сервера...
2025-05-11 06:33:49,658 - ServerRestart - INFO - Активация виртуальной среды...
2025-05-11 06:33:49,671 - ServerRestart - INFO - Сервер успешно запущен с PID 30448
2025-05-11 06:33:49,672 - ServerRestart - INFO - Сервер успешно перезапущен
2025-05-11 06:43:03,405 - ServerRestart - INFO - Начало перезапуска сервера...
2025-05-11 06:43:03,406 - ServerRestart - INFO - Остановка сервера с PID 17632...
2025-05-11 06:43:03,406 - ServerRestart - ERROR - Ошибка при остановке сервера: [WinError 87] Параметр задан неверно
2025-05-11 06:43:03,406 - ServerRestart - INFO - Применение миграций...
2025-05-11 06:43:04,553 - ServerRestart - INFO - Миграции успешно применены
2025-05-11 06:43:04,554 - ServerRestart - INFO - Сбор статических файлов...
2025-05-11 06:43:05,282 - ServerRestart - INFO - Статические файлы успешно собраны
2025-05-11 06:43:05,282 - ServerRestart - INFO - Запуск сервера...
2025-05-11 06:43:05,286 - ServerRestart - INFO - Сервер успешно запущен с PID 27552
2025-05-11 06:43:05,287 - ServerRestart - INFO - Сервер успешно перезапущен
2025-05-11 19:44:56,208 - ServerRestart - INFO - Начало перезапуска сервера...
2025-05-11 19:44:56,209 - ServerRestart - INFO - Остановка сервера с PID 22052...
2025-05-11 19:44:56,209 - ServerRestart - ERROR - Ошибка при остановке сервера: [WinError 87] Параметр задан неверно
2025-05-11 19:44:56,209 - ServerRestart - INFO - Применение миграций...
2025-05-11 19:44:58,201 - ServerRestart - INFO - Миграции успешно применены
2025-05-11 19:44:58,202 - ServerRestart - INFO - Сбор статических файлов...
2025-05-11 19:44:58,937 - ServerRestart - INFO - Статические файлы успешно собраны
2025-05-11 19:44:58,937 - ServerRestart - INFO - Запуск сервера...
2025-05-11 19:44:58,942 - ServerRestart - INFO - Сервер успешно запущен с PID 20872
2025-05-11 19:44:58,942 - ServerRestart - INFO - Сервер успешно перезапущен
